LTspice 26.1.1 for Windows
Circuit: C:\users\nicholas\Desktop\TCC\TCC.net
Start Time: Fri Oct  2 05:35:52 2026
solver = Normal
Maximum thread count: 4
tnom = 27
temp = 27
method = trap
Direct Newton iteration failed to find operating point.
Starting Gmin stepping
Gmin stepping failed to find operating point. Use".option gminsteps=0" to skip all Gmin stepping.
Starting source stepping with srcstepmethod=0
Starting source stepping with srcstepmethod=1
Source stepping failed to find operating point. Use ".options srcsteps=0" to skip all source stepping.
Starting Gmin stepping level 2
Gmin stepping level 2 failed to find operating point. Use".option gminsteps=0" to skip all Gmin stepping.
Starting source stepping with srcstepmethod=1, level 2
Source stepping aborted.
Starting source stepping with srcstepmethod=0, level 2
Source stepping aborted.
Pseudo Transient failed to find the operating point at 6.57962 µs
Pseudo Transient level 2 succeeded in finding the operating point at 244.7 ms
Total elapsed time: 56.571 seconds.
Total iterations: 914282

Files loaded:
C:\users\nicholas\Desktop\TCC\TCC.net
C:\users\nicholas\AppData\Local\LTspice\lib\sub\DAC0800.lib
C:\users\nicholas\AppData\Local\LTspice\lib\sub\POTENTIOMETER.lib
C:\users\nicholas\AppData\Local\LTspice\lib\sub\SOURCES.lib
C:\users\nicholas\AppData\Local\LTspice\lib\sub\UniversalOpAmp2.lib

